******************************************************************************
                  TI ARM Linker PC v18.12.2                    
******************************************************************************
>> Linked Sun Dec  8 18:05:27 2019

OUTPUT FILE NAME:   <boostxl_edumkii_microphonefft_msp432p401r_MSP_EXP432P401R_nortos_ccs.out>
ENTRY POINT SYMBOL: "_c_int00_noargs"  address: 00017589


MEMORY CONFIGURATION

         name            origin    length      used     unused   attr    fill
----------------------  --------  ---------  --------  --------  ----  --------
  MAIN                  00000000   00040000  000179e8  00028618  R  X
  INFO                  00200000   00004000  00000000  00004000  R  X
  SRAM_CODE             01000000   00010000  00002be9  0000d417  RW X
  SRAM_DATA             20000000   00010000  00002be9  0000d417  RW  


SEGMENT ALLOCATION MAP

run origin  load origin   length   init length attrs members
----------  ----------- ---------- ----------- ----- -------
00000000    00000000    000179e8   000179e8    r-x
  00000000    00000000    000000e4   000000e4    r-- .intvecs
  000000e4    000000e4    00012420   00012420    r-- .const
  00012504    00012504    0000543c   0000543c    r-x .text
  00017940    00017940    000000a8   000000a8    r-- .cinit
20000000    20000000    000029f0   00000000    rw-
  20000000    20000000    00001fc9   00000000    rw- .bss
  20001fd0    20001fd0    00000800   00000000    rw- .sysmem
  200027d0    200027d0    00000220   00000000    rw- .data
2000fe00    2000fe00    00000200   00000000    rw-
  2000fe00    2000fe00    00000200   00000000    rw- .stack


SECTION ALLOCATION MAP

 output                                  attributes/
section   page    origin      length       input sections
--------  ----  ----------  ----------   ----------------
.intvecs   0    00000000    000000e4     
                  00000000    000000e4     startup_msp432p401r_ccs.obj (.intvecs:retain)

.const     0    000000e4    00012420     
                  000000e4    00004000     arm_cortexM4lf_math.a : arm_rfft_init_q15.o (.const:realCoefAQ15)
                  000040e4    00004000                           : arm_rfft_init_q15.o (.const:realCoefBQ15)
                  000080e4    00003000                           : arm_common_tables.o (.const:twiddleCoef_4096_q15)
                  0000b0e4    00001f80                           : arm_common_tables.o (.const:armBitRevIndexTable_fixed_4096)
                  0000d064    00001800                           : arm_common_tables.o (.const:twiddleCoef_2048_q15)
                  0000e864    00000f80                           : arm_common_tables.o (.const:armBitRevIndexTable_fixed_2048)
                  0000f7e4    00000c00                           : arm_common_tables.o (.const:twiddleCoef_1024_q15)
                  000103e4    000007c0                           : arm_common_tables.o (.const:armBitRevIndexTable_fixed_1024)
                  00010ba4    00000600                           : arm_common_tables.o (.const:twiddleCoef_512_q15)
                  000111a4    00000415     Lucida_Console_8pts_narrow.obj (.const:.string:lucidaConsole_8ptBitmaps_narrow)
                  000115b9    00000001     --HOLE-- [fill = 0]
                  000115ba    000003c0     arm_cortexM4lf_math.a : arm_common_tables.o (.const:armBitRevIndexTable_fixed_512)
                  0001197a    00000300                           : arm_common_tables.o (.const:twiddleCoef_256_q15)
                  00011c7a    000001e0                           : arm_common_tables.o (.const:armBitRevIndexTable_fixed_256)
                  00011e5a    00000180                           : arm_common_tables.o (.const:twiddleCoef_128_q15)
                  00011fda    00000101     rtsv7M4_T_le_v4SPD16_eabi.lib : ctype.c.obj (.const:.string:_ctypes_)
                  000120db    00000001     --HOLE-- [fill = 0]
                  000120dc    000000e0     arm_cortexM4lf_math.a : arm_common_tables.o (.const:armBitRevIndexTable_fixed_128)
                  000121bc    000000c0                           : arm_common_tables.o (.const:twiddleCoef_64_q15)
                  0001227c    00000080     msp432p4xx_driverlib.lib : adc14.o (.const:_ctlRegs)
                  000122fc    00000070     arm_cortexM4lf_math.a : arm_common_tables.o (.const:armBitRevIndexTable_fixed_64)
                  0001236c    00000060                           : arm_common_tables.o (.const:twiddleCoef_32_q15)
                  000123cc    00000030     msp432p4xx_driverlib.lib : gpio.o (.const:GPIO_PORT_TO_BASE)
                  000123fc    00000030     arm_cortexM4lf_math.a : arm_common_tables.o (.const:armBitRevIndexTable_fixed_32)
                  0001242c    00000030                           : arm_common_tables.o (.const:twiddleCoef_16_q15)
                  0001245c    00000018                           : arm_common_tables.o (.const:armBitRevIndexTable_fixed_16)
                  00012474    00000010                           : arm_const_structs.o (.const:arm_cfft_sR_q15_len1024)
                  00012484    00000010                           : arm_const_structs.o (.const:arm_cfft_sR_q15_len128)
                  00012494    00000010                           : arm_const_structs.o (.const:arm_cfft_sR_q15_len16)
                  000124a4    00000010                           : arm_const_structs.o (.const:arm_cfft_sR_q15_len2048)
                  000124b4    00000010                           : arm_const_structs.o (.const:arm_cfft_sR_q15_len256)
                  000124c4    00000010                           : arm_const_structs.o (.const:arm_cfft_sR_q15_len32)
                  000124d4    00000010                           : arm_const_structs.o (.const:arm_cfft_sR_q15_len4096)
                  000124e4    00000010                           : arm_const_structs.o (.const:arm_cfft_sR_q15_len512)
                  000124f4    00000010                           : arm_const_structs.o (.const:arm_cfft_sR_q15_len64)

.text      0    00012504    0000543c     
                  00012504    00000a4e     rtsv7M4_T_le_v4SPD16_eabi.lib : _printfi.c.obj (.text:__TI_printfi)
                  00012f52    00000002     startup_msp432p401r_ccs.obj (.text:Default_Handler)
                  00012f54    000007dc     main.obj (.text:main)
                  00013730    000004a6     arm_cortexM4lf_math.a : arm_cfft_radix4_q15.o (.text:arm_radix4_butterfly_inverse_q15)
                  00013bd6    00000002     rtsv7M4_T_le_v4SPD16_eabi.lib : _lock.c.obj (.text:_nop)
                  00013bd8    000004a6     arm_cortexM4lf_math.a : arm_cfft_radix4_q15.o (.text:arm_radix4_butterfly_q15)
                  0001407e    00000002     rtsv7M4_T_le_v4SPD16_eabi.lib : div0.asm.obj (.text)
                  00014080    00000270                                   : _printfi.c.obj (.text:_pconv_a)
                  000142f0    000001d0                                   : _printfi.c.obj (.text:_pconv_g)
                  000144c0    000001c4     lcd_driver.obj (.text:lcdInit)
                  00014684    000001b6     rtsv7M4_T_le_v4SPD16_eabi.lib : fd_add_t2.asm.obj (.text)
                  0001483a    00000002     --HOLE-- [fill = 0]
                  0001483c    0000018c     arm_cortexM4lf_math.a : arm_cfft_q15.o (.text:arm_cfft_radix4by2_inverse_q15)
                  000149c8    0000018c                           : arm_cfft_q15.o (.text:arm_cfft_radix4by2_q15)
                  00014b54    00000160     msp432p4xx_driverlib.lib : adc14.o (.text:_getIndexForMemRegister)
                  00014cb4    00000144                              : timer_a.o (.text:privateTimer_AProcessClockSourceDivider)
                  00014df8    0000013c     rtsv7M4_T_le_v4SPD16_eabi.lib : _printfi.c.obj (.text:_pconv_e)
                  00014f34    00000136                                   : fd_div_t2.asm.obj (.text)
                  0001506a    00000002     --HOLE-- [fill = 0]
                  0001506c    00000134     arm_cortexM4lf_math.a : arm_rfft_init_q15.o (.text:arm_rfft_init_q15)
                  000151a0    0000012e                           : arm_rfft_q15.o (.text:arm_split_rfft_q15)
                  000152ce    0000012c                           : arm_max_q15.o (.text:arm_max_q15)
                  000153fa    00000002     --HOLE-- [fill = 0]
                  000153fc    00000124     rtsv7M4_T_le_v4SPD16_eabi.lib : _printfi.c.obj (.text:fcvt)
                  00015520    00000114                                   : fputs.c.obj (.text:fputs)
                  00015634    00000110                                   : s_scalbn.c.obj (.text:scalbn)
                  00015744    00000100     lcd_driver.obj (.text:writeLetter)
                  00015844    000000fc     rtsv7M4_T_le_v4SPD16_eabi.lib : fd_mul_t2.asm.obj (.text)
                  00015940    000000f4                                   : memory.c.obj (.text:aligned_alloc)
                  00015a34    000000f0     msp432p4xx_driverlib.lib : dma.o (.text:DMA_setChannelTransfer)
                  00015b24    000000e8     arm_cortexM4lf_math.a : arm_cfft_q15.o (.text:arm_cfft_q15)
                  00015c0c    000000e8     rtsv7M4_T_le_v4SPD16_eabi.lib : memory.c.obj (.text:free)
                  00015cf4    000000dc                                   : setvbuf.c.obj (.text:setvbuf)
                  00015dd0    000000c0     arm_cortexM4lf_math.a : arm_bitreversal2.o (.text)
                  00015e90    000000b4     msp432p4xx_driverlib.lib : adc14.o (.text:ADC14_configureConversionMemory)
                  00015f44    000000b4     rtsv7M4_T_le_v4SPD16_eabi.lib : s_cosf.c.obj (.text:cosf)
                  00015ff8    000000b2     arm_cortexM4lf_math.a : arm_rfft_q15.o (.text:arm_split_rifft_q15)
                  000160aa    00000002     --HOLE-- [fill = 0]
                  000160ac    000000b1     rtsv7M4_T_le_v4SPD16_eabi.lib : _printfi.c.obj (.text:_ltostr)
                  0001615d    00000001     --HOLE-- [fill = 0]
                  0001615e    000000a4     arm_cortexM4lf_math.a : arm_rfft_q15.o (.text:arm_rfft_q15)
                  00016202    0000009c     rtsv7M4_T_le_v4SPD16_eabi.lib : memcpy_t2.asm.obj (.text)
                  0001629e    00000096                                   : ull_div_t2.asm.obj (.text)
                  00016334    0000008c                                   : fputc.c.obj (.text:fputc)
                  000163c0    00000088     msp432p4xx_driverlib.lib : gpio.o (.text:GPIO_setAsPeripheralModuleFunctionInputPin)
                  00016448    00000086     rtsv7M4_T_le_v4SPD16_eabi.lib : fd_cmp_t2.asm.obj (.text:__aeabi_cdcmple)
                  000164ce    00000086                                   : fd_cmp_t2.asm.obj (.text:__aeabi_cdrcmple)
                  00016554    00000080     msp432p4xx_driverlib.lib : dma.o (.text:DMA_getChannelAttribute)
                  000165d4    0000007c     rtsv7M4_T_le_v4SPD16_eabi.lib : memory.c.obj (.text:split)
                  00016650    0000007a                                   : memset_t2.asm.obj (.text)
                  000166ca    00000002     --HOLE-- [fill = 0]
                  000166cc    00000078     system_msp432p401r.obj (.text:SystemInit)
                  00016744    00000074     main.obj (.text:ADC14_IRQHandler)
                  000167b8    00000074     msp432p4xx_driverlib.lib : timer_a.o (.text:Timer_A_generatePWM)
                  0001682c    00000074     rtsv7M4_T_le_v4SPD16_eabi.lib : fclose.c.obj (.text:__TI_closefile)
                  000168a0    00000072     lcd_driver.obj (.text:drawLineX)
                  00016912    00000072     lcd_driver.obj (.text:drawLineY)
                  00016984    0000006e     rtsv7M4_T_le_v4SPD16_eabi.lib : _printfi.c.obj (.text:_mcpy)
                  000169f2    00000002     --HOLE-- [fill = 0]
                  000169f4    0000006c     main.obj (.text:DMA_INT1_IRQHandler)
                  00016a60    00000068     rtsv7M4_T_le_v4SPD16_eabi.lib : hostlseek.c.obj (.text:HOSTlseek)
                  00016ac8    00000068                                   : hostrename.c.obj (.text:HOSTrename)
                  00016b30    00000068                                   : copy_decompress_lzss.c.obj (.text:decompress:lzss:__TI_decompress_lzss)
                  00016b98    00000068                                   : printf.c.obj (.text:printf)
                  00016c00    00000064     msp432p4xx_driverlib.lib : dma.o (.text:DMA_disableChannelAttribute)
                  00016c64    00000064     rtsv7M4_T_le_v4SPD16_eabi.lib : s_frexp.c.obj (.text:frexp)
                  00016cc8    00000064                                   : fseek.c.obj (.text:fseek)
                  00016d2c    00000062                                   : _io_perm.c.obj (.text:__TI_wrt_ok)
                  00016d8e    00000002     --HOLE-- [fill = 0]
                  00016d90    00000060                                   : hostopen.c.obj (.text:HOSTopen)
                  00016df0    0000005c                                   : close.c.obj (.text:close)
                  00016e4c    00000058     msp432p4xx_driverlib.lib : adc14.o (.text:ADC14_configureSingleSampleMode)
                  00016ea4    00000058     rtsv7M4_T_le_v4SPD16_eabi.lib : hostread.c.obj (.text:HOSTread)
                  00016efc    00000058                                   : hostwrite.c.obj (.text:HOSTwrite)
                  00016f54    00000056                                   : _printfi.c.obj (.text:_pconv_f)
                  00016faa    00000002     --HOLE-- [fill = 0]
                  00016fac    00000054     msp432p4xx_driverlib.lib : adc14.o (.text:ADC14_initModule)
                  00017000    00000054     rtsv7M4_T_le_v4SPD16_eabi.lib : ltoa.c.obj (.text:ltoa)
                  00017054    00000052                                   : _printfi.c.obj (.text:_ecpy)
                  000170a6    0000004c                                   : fflush.c.obj (.text:__TI_doflush)
                  000170f2    00000002     --HOLE-- [fill = 0]
                  000170f4    0000004c                                   : atoi.c.obj (.text:atoi)
                  00017140    0000004a     lcd_driver.obj (.text:writeString)
                  0001718a    00000002     --HOLE-- [fill = 0]
                  0001718c    00000048     msp432p4xx_driverlib.lib : adc14.o (.text:ADC14_setSampleHoldTrigger)
                  000171d4    00000048     rtsv7M4_T_le_v4SPD16_eabi.lib : exit.c.obj (.text:exit)
                  0001721c    00000048                                   : fd_toi_t2.asm.obj (.text)
                  00017264    00000044                                   : hostclose.c.obj (.text:HOSTclose)
                  000172a8    00000044                                   : hostunlink.c.obj (.text:HOSTunlink)
                  000172ec    00000044                                   : autoinit.c.obj (.text:__TI_auto_init_nobinit_nopinit:__TI_auto_init_nobinit_nopinit)
                  00017330    00000044                                   : getdevice.c.obj (.text:getdevice)
                  00017374    00000044     lcd_driver.obj (.text:setCursorMode)
                  000173b8    00000040     lcd_driver.obj (.text:delay)
                  000173f8    0000003e     rtsv7M4_T_le_v4SPD16_eabi.lib : _printfi.c.obj (.text:_fcpy)
                  00017436    00000002     --HOLE-- [fill = 0]
                  00017438    0000003c     msp432p4xx_driverlib.lib : dma.o (.text:DMA_setChannelControl)
                  00017474    0000003c     lcd_driver.obj (.text:spi16bytes)
                  000174b0    00000038     rtsv7M4_T_le_v4SPD16_eabi.lib : trgmsg.c.obj (.text:__TI_writemsg)
                  000174e8    00000036                                   : strncpy.c.obj (.text:strncpy)
                  0001751e    00000002     --HOLE-- [fill = 0]
                  00017520    00000034                                   : fopen.c.obj (.text:__TI_cleanup)
                  00017554    00000034                                   : trgmsg.c.obj (.text:__TI_readmsg)
                  00017588    00000034                                   : boot_cortex_m.c.obj (.text:_c_int00_noargs:_c_int00_noargs)
                  000175bc    00000030     msp432p4xx_driverlib.lib : adc14.o (.text:ADC14_setResultFormat)
                  000175ec    00000030     rtsv7M4_T_le_v4SPD16_eabi.lib : getdevice.c.obj (.text:finddevice)
                  0001761c    0000002e                                   : i_tofd_t2.asm.obj (.text)
                  0001764a    00000002     --HOLE-- [fill = 0]
                  0001764c    0000002c                                   : unlink.c.obj (.text:unlink)
                  00017678    00000028                                   : memory.c.obj (.text:free_list_insert)
                  000176a0    00000028                                   : lseek.c.obj (.text:lseek)
                  000176c8    00000028     lcd_driver.obj (.text:selectCS)
                  000176f0    00000028     lcd_driver.obj (.text:selectDC)
                  00017718    00000028     lcd_driver.obj (.text:setCursorXY)
                  00017740    00000028     rtsv7M4_T_le_v4SPD16_eabi.lib : e_sqrtf.c.obj (.text:sqrtf)
                  00017768    00000028                                   : write.c.obj (.text:write)
                  00017790    00000024     lcd_driver.obj (.text:spi8bytes)
                  000177b4    00000020     rtsv7M4_T_le_v4SPD16_eabi.lib : memchr.c.obj (.text:memchr)
                  000177d4    0000001c                                   : memory.c.obj (.text:free_list_remove)
                  000177f0    0000001c     lcd_driver.obj (.text:lcdSendCommand)
                  0001780c    0000001c     rtsv7M4_T_le_v4SPD16_eabi.lib : memccpy.c.obj (.text:memccpy)
                  00017828    0000001a                                   : s_copysign.c.obj (.text:copysign)
                  00017842    00000018                                   : strcmp.c.obj (.text:strcmp)
                  0001785a    00000016                                   : strchr.c.obj (.text:strchr)
                  00017870    00000014     msp432p4xx_driverlib.lib : dma.o (.text:DMA_setControlBase)
                  00017884    00000014     rtsv7M4_T_le_v4SPD16_eabi.lib : strcpy.c.obj (.text:strcpy)
                  00017898    00000014                                   : strlen.c.obj (.text:strlen)
                  000178ac    00000012                                   : wcslen.c.obj (.text:wcslen)
                  000178be    00000002     --HOLE-- [fill = 0]
                  000178c0    00000010     msp432p4xx_driverlib.lib : adc14.o (.text:ADCIsConversionRunning)
                  000178d0    00000010     lcd_driver.obj (.text:EUSCIB0_IRQHandler)
                  000178e0    0000000e     rtsv7M4_T_le_v4SPD16_eabi.lib : copy_decompress_none.c.obj (.text:decompress:none:__TI_decompress_none)
                  000178ee    00000002     --HOLE-- [fill = 0]
                  000178f0    0000000c     msp432p4xx_driverlib.lib : adc14.o (.text:ADC14_enableModule)
                  000178fc    0000000c                              : dma.o (.text:DMA_enableModule)
                  00017908    0000000c     startup_msp432p401r_ccs.obj (.text:Reset_Handler)
                  00017914    0000000c     rtsv7M4_T_le_v4SPD16_eabi.lib : copy_zero_init.c.obj (.text:decompress:ZI:__TI_zero_init)
                  00017920    00000008                                   : errno.c.obj (.text:__aeabi_errno_addr)
                  00017928    00000008                                   : memory.c.obj (.text:malloc)
                  00017930    00000004                                   : printf.c.obj (.text:_outc)
                  00017934    00000004                                   : printf.c.obj (.text:_outs)
                  00017938    00000004                                   : pre_init.c.obj (.text:_system_pre_init)
                  0001793c    00000004                                   : exit.c.obj (.text:abort:abort)

.cinit     0    00017940    000000a8     
                  00017940    0000007f     (.cinit..data.load) [load image, compression = lzss]
                  000179bf    00000001     --HOLE-- [fill = 0]
                  000179c0    0000000c     (__TI_handler_table)
                  000179cc    00000004     --HOLE-- [fill = 0]
                  000179d0    00000008     (.cinit..bss.load) [load image, compression = zero_init]
                  000179d8    00000010     (__TI_cinit_table)

.init_array 
*          0    00000000    00000000     UNINITIALIZED

.binit     0    00000000    00000000     

.bss       0    20000000    00001fc9     UNINITIALIZED
                  20000000    00000800     (.common:data_input)
                  20000800    00000800     (.common:hann)
                  20001000    00000400     (.common:data_array1)
                  20001400    00000400     (.common:data_array2)
                  20001800    00000400     (.common:data_output)
                  20001c00    00000200     main.obj (.bss:MSP_EXP432P401RLP_DMAControlTable)
                  20001e00    00000120     rtsv7M4_T_le_v4SPD16_eabi.lib : trgmsg.c.obj (.bss:_CIOBUF_)
                  20001f20    000000a0     (.common:__TI_tmpnams)
                  20001fc0    00000008     (.common:parmbuf)
                  20001fc8    00000001     (.common:status)

.sysmem    0    20001fd0    00000800     UNINITIALIZED
                  20001fd0    00000010     rtsv7M4_T_le_v4SPD16_eabi.lib : memory.c.obj (.sysmem)
                  20001fe0    000007f0     --HOLE--

.data      0    200027d0    00000220     UNINITIALIZED
                  200027d0    000000f0     rtsv7M4_T_le_v4SPD16_eabi.lib : defs.c.obj (.data:_ftable)
                  200028c0    00000078                                   : host_device.c.obj (.data:_device)
                  20002938    00000050                                   : host_device.c.obj (.data:_stream)
                  20002988    00000018     main.obj (.data:pwmConfig)
                  200029a0    00000014     main.obj (.data)
                  200029b4    00000010     rtsv7M4_T_le_v4SPD16_eabi.lib : defs.c.obj (.data)
                  200029c4    0000000c                                   : exit.c.obj (.data:$O1$$)
                  200029d0    0000000a     lcd_touch_driver.obj (.data)
                  200029da    00000002     --HOLE--
                  200029dc    00000008     rtsv7M4_T_le_v4SPD16_eabi.lib : _lock.c.obj (.data:$O1$$)
                  200029e4    00000008                                   : memory.c.obj (.data:$O1$$)
                  200029ec    00000004                                   : errno.c.obj (.data)

.stack     0    2000fe00    00000200     UNINITIALIZED
                  2000fe00    00000004     rtsv7M4_T_le_v4SPD16_eabi.lib : boot_cortex_m.c.obj (.stack)
                  2000fe04    000001fc     --HOLE--

MODULE SUMMARY

       Module                           code    ro data   rw data
       ------                           ----    -------   -------
    .\
       main.obj                         2236    0         15450  
       lcd_driver.obj                   1402    0         0      
       Lucida_Console_8pts_narrow.obj   0       1045      0      
       system_msp432p401r.obj           120     0         0      
       lcd_touch_driver.obj             0       0         20     
    +--+--------------------------------+-------+---------+---------+
       Total:                           3758    1045      15470  
                                                                 
    .\ccs\
       startup_msp432p401r_ccs.obj      14      228       0      
    +--+--------------------------------+-------+---------+---------+
       Total:                           14      228       0      
                                                                 
    C:/ti/simplelink_msp432p4_sdk_3_30_00_13/source/third_party/CMSIS/DSP_Lib/lib/ccs/m4f/arm_cortexM4lf_math.a
       arm_common_tables.o              0       40392     0      
       arm_rfft_init_q15.o              308     32768     0      
       arm_cfft_radix4_q15.o            2380    0         0      
       arm_cfft_q15.o                   1024    0         0      
       arm_rfft_q15.o                   644     0         0      
       arm_max_q15.o                    300     0         0      
       arm_bitreversal2.o               192     0         0      
       arm_const_structs.o              0       144       0      
    +--+--------------------------------+-------+---------+---------+
       Total:                           4848    73304     0      
                                                                 
    C:/ti/simplelink_msp432p4_sdk_3_30_00_13/source/ti/devices/msp432p4xx/driverlib/ccs/msp432p4xx_driverlib.lib
       adc14.o                          852     128       0      
       dma.o                            560     0         0      
       timer_a.o                        440     0         0      
       gpio.o                           136     48        0      
    +--+--------------------------------+-------+---------+---------+
       Total:                           1988    176       0      
                                                                 
    C:\ti\ccs910\ccs\tools\compiler\ti-cgt-arm_18.12.2.LTS\lib\rtsv7M4_T_le_v4SPD16_eabi.lib
       _printfi.c.obj                   4851    0         0      
       defs.c.obj                       0       0         832    
       memory.c.obj                     676     0         16     
       trgmsg.c.obj                     108     0         576    
       fd_add_t2.asm.obj                438     0         0      
       host_device.c.obj                0       0         400    
       fd_div_t2.asm.obj                310     0         0      
       fputs.c.obj                      276     0         0      
       s_scalbn.c.obj                   272     0         0      
       fd_cmp_t2.asm.obj                268     0         0      
       ctype.c.obj                      0       257       0      
       fd_mul_t2.asm.obj                252     0         0      
       setvbuf.c.obj                    220     0         0      
       s_cosf.c.obj                     180     0         0      
       memcpy_t2.asm.obj                156     0         0      
       ull_div_t2.asm.obj               150     0         0      
       fputc.c.obj                      140     0         0      
       memset_t2.asm.obj                122     0         0      
       fclose.c.obj                     116     0         0      
       getdevice.c.obj                  116     0         0      
       hostopen.c.obj                   96      0         16     
       printf.c.obj                     112     0         0      
       copy_decompress_lzss.c.obj       104     0         0      
       hostlseek.c.obj                  104     0         0      
       hostrename.c.obj                 104     0         0      
       exit.c.obj                       76      0         24     
       fseek.c.obj                      100     0         0      
       s_frexp.c.obj                    100     0         0      
       _io_perm.c.obj                   98      0         0      
       close.c.obj                      92      0         0      
       hostread.c.obj                   88      0         0      
       hostwrite.c.obj                  88      0         0      
       ltoa.c.obj                       84      0         0      
       atoi.c.obj                       76      0         0      
       fflush.c.obj                     76      0         0      
       fd_toi_t2.asm.obj                72      0         0      
       autoinit.c.obj                   68      0         0      
       hostclose.c.obj                  68      0         0      
       hostunlink.c.obj                 68      0         0      
       strncpy.c.obj                    54      0         0      
       boot_cortex_m.c.obj              52      0         0      
       fopen.c.obj                      52      0         0      
       i_tofd_t2.asm.obj                46      0         0      
       unlink.c.obj                     44      0         0      
       e_sqrtf.c.obj                    40      0         0      
       lseek.c.obj                      40      0         0      
       write.c.obj                      40      0         0      
       memchr.c.obj                     32      0         0      
       memccpy.c.obj                    28      0         0      
       s_copysign.c.obj                 26      0         0      
       strcmp.c.obj                     24      0         0      
       strchr.c.obj                     22      0         0      
       strcpy.c.obj                     20      0         0      
       strlen.c.obj                     20      0         0      
       _lock.c.obj                      2       0         16     
       wcslen.c.obj                     18      0         0      
       errno.c.obj                      8       0         8      
       copy_decompress_none.c.obj       14      0         0      
       copy_zero_init.c.obj             12      0         0      
       pre_init.c.obj                   4       0         0      
       div0.asm.obj                     2       0         0      
    +--+--------------------------------+-------+---------+---------+
       Total:                           10925   257       1888   
                                                                 
       Heap:                            0       0         4096   
       Stack:                           0       0         1024   
       Linker Generated:                0       163       0      
    +--+--------------------------------+-------+---------+---------+
       Grand Total:                     21533   75173     22478  


LINKER GENERATED COPY TABLES

__TI_cinit_table @ 000179d8 records: 2, size/record: 8, table size: 16
	.data: load addr=00017940, load size=0000007f bytes, run addr=200027d0, run size=00000220 bytes, compression=lzss
	.bss: load addr=000179d0, load size=00000008 bytes, run addr=20000000, run size=00001fc9 bytes, compression=zero_init


LINKER GENERATED HANDLER TABLE

__TI_handler_table @ 000179c0 records: 3, size/record: 4, table size: 12
	index: 0, handler: __TI_decompress_lzss
	index: 1, handler: __TI_decompress_none
	index: 2, handler: __TI_zero_init


GLOBAL SYMBOLS: SORTED ALPHABETICALLY BY Name 

address   name                                      
-------   ----                                      
00016745  ADC14_IRQHandler                          
00016745  ADC14_IRQHandler                          
00015e91  ADC14_configureConversionMemory           
00016e4d  ADC14_configureSingleSampleMode           
000178f1  ADC14_enableModule                        
00016fad  ADC14_initModule                          
000175bd  ADC14_setResultFormat                     
0001718d  ADC14_setSampleHoldTrigger                
00012f53  AES256_IRQHandler                         
00012f53  BusFault_Handler                          
0001793d  C$$EXIT                                   
000174df  C$$IO$$                                   
00012f53  COMP_E0_IRQHandler                        
00012f53  COMP_E1_IRQHandler                        
00012f53  CS_IRQHandler                             
00012f53  DMA_ERR_IRQHandler                        
00012f53  DMA_INT0_IRQHandler                       
000169f5  DMA_INT1_IRQHandler                       
000169f5  DMA_INT1_IRQHandler                       
00012f53  DMA_INT2_IRQHandler                       
00012f53  DMA_INT3_IRQHandler                       
00016c01  DMA_disableChannelAttribute               
000178fd  DMA_enableModule                          
00016555  DMA_getChannelAttribute                   
00017439  DMA_setChannelControl                     
00015a35  DMA_setChannelTransfer                    
00017871  DMA_setControlBase                        
00012f53  DebugMon_Handler                          
00012f53  Default_Handler                           
00012f53  EUSCIA0_IRQHandler                        
00012f53  EUSCIA1_IRQHandler                        
00012f53  EUSCIA2_IRQHandler                        
00012f53  EUSCIA3_IRQHandler                        
000178d1  EUSCIB0_IRQHandler                        
000178d1  EUSCIB0_IRQHandler                        
00012f53  EUSCIB1_IRQHandler                        
00012f53  EUSCIB2_IRQHandler                        
00012f53  EUSCIB3_IRQHandler                        
00012f53  FLCTL_IRQHandler                          
00012f53  FPU_IRQHandler                            
000163c1  GPIO_setAsPeripheralModuleFunctionInputPin
00017265  HOSTclose                                 
00016a61  HOSTlseek                                 
00016d91  HOSTopen                                  
00016ea5  HOSTread                                  
00016ac9  HOSTrename                                
000172a9  HOSTunlink                                
00016efd  HOSTwrite                                 
00012f53  HardFault_Handler                         
00012f53  MemManage_Handler                         
00012f53  NMI_Handler                               
00012f53  PCM_IRQHandler                            
00012f53  PORT1_IRQHandler                          
00012f53  PORT2_IRQHandler                          
00012f53  PORT3_IRQHandler                          
00012f53  PORT4_IRQHandler                          
00012f53  PORT5_IRQHandler                          
00012f53  PORT6_IRQHandler                          
00012f53  PSS_IRQHandler                            
00012f53  PendSV_Handler                            
00012f53  RTC_C_IRQHandler                          
00017909  Reset_Handler                             
00012f53  SVC_Handler                               
00012f53  SysTick_Handler                           
000166cd  SystemInit                                
00012f53  T32_INT1_IRQHandler                       
00012f53  T32_INT2_IRQHandler                       
00012f53  T32_INTC_IRQHandler                       
00012f53  TA0_0_IRQHandler                          
00012f53  TA0_N_IRQHandler                          
00012f53  TA1_0_IRQHandler                          
00012f53  TA1_N_IRQHandler                          
00012f53  TA2_0_IRQHandler                          
00012f53  TA2_N_IRQHandler                          
00012f53  TA3_0_IRQHandler                          
00012f53  TA3_N_IRQHandler                          
000167b9  Timer_A_generatePWM                       
00012f53  UsageFault_Handler                        
4000480c  WDTCTL_SYM                                
00012f53  WDT_A_IRQHandler                          
20001e00  __CIOBUF_                                 
20010000  __STACK_END                               
00000200  __STACK_SIZE                              
00000800  __SYSMEM_SIZE                             
000179d8  __TI_CINIT_Base                           
000179e8  __TI_CINIT_Limit                          
000179c0  __TI_Handler_Table_Base                   
000179cc  __TI_Handler_Table_Limit                  
000172ed  __TI_auto_init_nobinit_nopinit            
00017521  __TI_cleanup                              
200029c4  __TI_cleanup_ptr                          
0001682d  __TI_closefile                            
00016b31  __TI_decompress_lzss                      
000178e1  __TI_decompress_none                      
000170a7  __TI_doflush                              
200029c8  __TI_dtors_ptr                            
200029cc  __TI_enable_exit_profile_output           
200029b4  __TI_ft_end                               
ffffffff  __TI_pprof_out_hndl                       
00012505  __TI_printfi                              
ffffffff  __TI_prof_data_size                       
ffffffff  __TI_prof_data_start                      
00017555  __TI_readmsg                              
00000000  __TI_static_base__                        
20001f20  __TI_tmpnams                              
000174b1  __TI_writemsg                             
00016d2d  __TI_wrt_ok                               
00017915  __TI_zero_init                            
00016449  __aeabi_cdcmpeq                           
00016449  __aeabi_cdcmple                           
000164cf  __aeabi_cdrcmple                          
0001721d  __aeabi_d2iz                              
0001468f  __aeabi_dadd                              
00014f35  __aeabi_ddiv                              
00015845  __aeabi_dmul                              
00014685  __aeabi_dsub                              
00017921  __aeabi_errno_addr                        
0001761d  __aeabi_i2d                               
0001407f  __aeabi_idiv0                             
0001407f  __aeabi_ldiv0                             
00016651  __aeabi_memclr                            
00016651  __aeabi_memclr4                           
00016651  __aeabi_memclr8                           
00016203  __aeabi_memcpy                            
00016203  __aeabi_memcpy4                           
00016203  __aeabi_memcpy8                           
00016653  __aeabi_memset                            
00016653  __aeabi_memset4                           
00016653  __aeabi_memset8                           
200029c0  __aeabi_stderr                            
200029b8  __aeabi_stdin                             
200029bc  __aeabi_stdout                            
0001629f  __aeabi_uldivmod                          
ffffffff  __binit__                                 
ffffffff  __c_args__                                
UNDEFED   __mpu_init                                
2000fe00  __stack                                   
00017589  _c_int00_noargs                           
00011fda  _ctypes_                                  
200028c0  _device                                   
200027d0  _ftable                                   
200029dc  _lock                                     
00013bd7  _nop                                      
20002938  _stream                                   
20001fd0  _sys_memory                               
UNDEFED   _system_post_cinit                        
00017939  _system_pre_init                          
200029e0  _unlock                                   
0001793d  abort                                     
00015941  aligned_alloc                             
000103e4  armBitRevIndexTable_fixed_1024            
000120dc  armBitRevIndexTable_fixed_128             
0001245c  armBitRevIndexTable_fixed_16              
0000e864  armBitRevIndexTable_fixed_2048            
00011c7a  armBitRevIndexTable_fixed_256             
000123fc  armBitRevIndexTable_fixed_32              
0000b0e4  armBitRevIndexTable_fixed_4096            
000115ba  armBitRevIndexTable_fixed_512             
000122fc  armBitRevIndexTable_fixed_64              
00015e3b  arm_bitreversal_16                        
00015dd1  arm_bitreversal_32                        
00015b25  arm_cfft_q15                              
0001483d  arm_cfft_radix4by2_inverse_q15            
000149c9  arm_cfft_radix4by2_q15                    
00012474  arm_cfft_sR_q15_len1024                   
00012484  arm_cfft_sR_q15_len128                    
00012494  arm_cfft_sR_q15_len16                     
000124a4  arm_cfft_sR_q15_len2048                   
000124b4  arm_cfft_sR_q15_len256                    
000124c4  arm_cfft_sR_q15_len32                     
000124d4  arm_cfft_sR_q15_len4096                   
000124e4  arm_cfft_sR_q15_len512                    
000124f4  arm_cfft_sR_q15_len64                     
000152cf  arm_max_q15                               
00013731  arm_radix4_butterfly_inverse_q15          
00013bd9  arm_radix4_butterfly_q15                  
0001506d  arm_rfft_init_q15                         
0001615f  arm_rfft_q15                              
000151a1  arm_split_rfft_q15                        
00015ff9  arm_split_rifft_q15                       
000170f5  atoi                                      
ffffffff  binit                                     
00016df1  close                                     
200029b0  color                                     
00017829  copysign                                  
00017829  copysignl                                 
00015f45  cosf                                      
20001000  data_array1                               
20001400  data_array2                               
20000000  data_input                                
20001800  data_output                               
000173b9  delay                                     
200029a8  doBitReverse                              
000168a1  drawLineX                                 
00016913  drawLineY                                 
200029ec  errno                                     
000171d5  exit                                      
200029a0  fftSize                                   
000175ed  finddevice                                
00016335  fputc                                     
00015521  fputs                                     
00015c0d  free                                      
00016c65  frexp                                     
00016c65  frexpl                                    
00016cc9  fseek                                     
00017331  getdevice                                 
20000800  hann                                      
200029a4  ifftFlag                                  
00000000  interruptVectors                          
000144c1  lcdInit                                   
000177f1  lcdSendCommand                            
00015635  ldexp                                     
00015635  ldexpl                                    
000176a1  lseek                                     
00017001  ltoa                                      
000111a4  lucidaConsole_8ptBitmaps_narrow           
00012f55  main                                      
00017929  malloc                                    
00015941  memalign                                  
0001780d  memccpy                                   
000177b5  memchr                                    
00016203  memcpy                                    
00016659  memset                                    
20001fc0  parmbuf                                   
00016b99  printf                                    
00016335  putc                                      
20002988  pwmConfig                                 
000000e4  realCoefAQ15                              
000040e4  realCoefBQ15                              
0001764d  remove                                    
00015635  scalbn                                    
00015635  scalbnl                                   
000176c9  selectCS                                  
000176f1  selectDC                                  
00017375  setCursorMode                             
00017719  setCursorXY                               
00015cf5  setvbuf                                   
00017475  spi16bytes                                
00017791  spi8bytes                                 
00017741  sqrtf                                     
20001fc8  status                                    
0001785b  strchr                                    
00017843  strcmp                                    
00017885  strcpy                                    
00017899  strlen                                    
000174e9  strncpy                                   
200029ac  switch_data                               
200029d0  touchX                                    
200029d4  touchY                                    
0000f7e4  twiddleCoef_1024_q15                      
00011e5a  twiddleCoef_128_q15                       
0001242c  twiddleCoef_16_q15                        
0000d064  twiddleCoef_2048_q15                      
0001197a  twiddleCoef_256_q15                       
0001236c  twiddleCoef_32_q15                        
000080e4  twiddleCoef_4096_q15                      
00010ba4  twiddleCoef_512_q15                       
000121bc  twiddleCoef_64_q15                        
0001764d  unlink                                    
000178ad  wcslen                                    
00017769  write                                     
00015745  writeLetter                               
00017141  writeString                               
200029d8  xready                                    
200029d9  yready                                    


GLOBAL SYMBOLS: SORTED BY Symbol Address 

address   name                                      
-------   ----                                      
00000000  __TI_static_base__                        
00000000  interruptVectors                          
000000e4  realCoefAQ15                              
00000200  __STACK_SIZE                              
00000800  __SYSMEM_SIZE                             
000040e4  realCoefBQ15                              
000080e4  twiddleCoef_4096_q15                      
0000b0e4  armBitRevIndexTable_fixed_4096            
0000d064  twiddleCoef_2048_q15                      
0000e864  armBitRevIndexTable_fixed_2048            
0000f7e4  twiddleCoef_1024_q15                      
000103e4  armBitRevIndexTable_fixed_1024            
00010ba4  twiddleCoef_512_q15                       
000111a4  lucidaConsole_8ptBitmaps_narrow           
000115ba  armBitRevIndexTable_fixed_512             
0001197a  twiddleCoef_256_q15                       
00011c7a  armBitRevIndexTable_fixed_256             
00011e5a  twiddleCoef_128_q15                       
00011fda  _ctypes_                                  
000120dc  armBitRevIndexTable_fixed_128             
000121bc  twiddleCoef_64_q15                        
000122fc  armBitRevIndexTable_fixed_64              
0001236c  twiddleCoef_32_q15                        
000123fc  armBitRevIndexTable_fixed_32              
0001242c  twiddleCoef_16_q15                        
0001245c  armBitRevIndexTable_fixed_16              
00012474  arm_cfft_sR_q15_len1024                   
00012484  arm_cfft_sR_q15_len128                    
00012494  arm_cfft_sR_q15_len16                     
000124a4  arm_cfft_sR_q15_len2048                   
000124b4  arm_cfft_sR_q15_len256                    
000124c4  arm_cfft_sR_q15_len32                     
000124d4  arm_cfft_sR_q15_len4096                   
000124e4  arm_cfft_sR_q15_len512                    
000124f4  arm_cfft_sR_q15_len64                     
00012505  __TI_printfi                              
00012f53  AES256_IRQHandler                         
00012f53  BusFault_Handler                          
00012f53  COMP_E0_IRQHandler                        
00012f53  COMP_E1_IRQHandler                        
00012f53  CS_IRQHandler                             
00012f53  DMA_ERR_IRQHandler                        
00012f53  DMA_INT0_IRQHandler                       
00012f53  DMA_INT2_IRQHandler                       
00012f53  DMA_INT3_IRQHandler                       
00012f53  DebugMon_Handler                          
00012f53  Default_Handler                           
00012f53  EUSCIA0_IRQHandler                        
00012f53  EUSCIA1_IRQHandler                        
00012f53  EUSCIA2_IRQHandler                        
00012f53  EUSCIA3_IRQHandler                        
00012f53  EUSCIB1_IRQHandler                        
00012f53  EUSCIB2_IRQHandler                        
00012f53  EUSCIB3_IRQHandler                        
00012f53  FLCTL_IRQHandler                          
00012f53  FPU_IRQHandler                            
00012f53  HardFault_Handler                         
00012f53  MemManage_Handler                         
00012f53  NMI_Handler                               
00012f53  PCM_IRQHandler                            
00012f53  PORT1_IRQHandler                          
00012f53  PORT2_IRQHandler                          
00012f53  PORT3_IRQHandler                          
00012f53  PORT4_IRQHandler                          
00012f53  PORT5_IRQHandler                          
00012f53  PORT6_IRQHandler                          
00012f53  PSS_IRQHandler                            
00012f53  PendSV_Handler                            
00012f53  RTC_C_IRQHandler                          
00012f53  SVC_Handler                               
00012f53  SysTick_Handler                           
00012f53  T32_INT1_IRQHandler                       
00012f53  T32_INT2_IRQHandler                       
00012f53  T32_INTC_IRQHandler                       
00012f53  TA0_0_IRQHandler                          
00012f53  TA0_N_IRQHandler                          
00012f53  TA1_0_IRQHandler                          
00012f53  TA1_N_IRQHandler                          
00012f53  TA2_0_IRQHandler                          
00012f53  TA2_N_IRQHandler                          
00012f53  TA3_0_IRQHandler                          
00012f53  TA3_N_IRQHandler                          
00012f53  UsageFault_Handler                        
00012f53  WDT_A_IRQHandler                          
00012f55  main                                      
00013731  arm_radix4_butterfly_inverse_q15          
00013bd7  _nop                                      
00013bd9  arm_radix4_butterfly_q15                  
0001407f  __aeabi_idiv0                             
0001407f  __aeabi_ldiv0                             
000144c1  lcdInit                                   
00014685  __aeabi_dsub                              
0001468f  __aeabi_dadd                              
0001483d  arm_cfft_radix4by2_inverse_q15            
000149c9  arm_cfft_radix4by2_q15                    
00014f35  __aeabi_ddiv                              
0001506d  arm_rfft_init_q15                         
000151a1  arm_split_rfft_q15                        
000152cf  arm_max_q15                               
00015521  fputs                                     
00015635  ldexp                                     
00015635  ldexpl                                    
00015635  scalbn                                    
00015635  scalbnl                                   
00015745  writeLetter                               
00015845  __aeabi_dmul                              
00015941  aligned_alloc                             
00015941  memalign                                  
00015a35  DMA_setChannelTransfer                    
00015b25  arm_cfft_q15                              
00015c0d  free                                      
00015cf5  setvbuf                                   
00015dd1  arm_bitreversal_32                        
00015e3b  arm_bitreversal_16                        
00015e91  ADC14_configureConversionMemory           
00015f45  cosf                                      
00015ff9  arm_split_rifft_q15                       
0001615f  arm_rfft_q15                              
00016203  __aeabi_memcpy                            
00016203  __aeabi_memcpy4                           
00016203  __aeabi_memcpy8                           
00016203  memcpy                                    
0001629f  __aeabi_uldivmod                          
00016335  fputc                                     
00016335  putc                                      
000163c1  GPIO_setAsPeripheralModuleFunctionInputPin
00016449  __aeabi_cdcmpeq                           
00016449  __aeabi_cdcmple                           
000164cf  __aeabi_cdrcmple                          
00016555  DMA_getChannelAttribute                   
00016651  __aeabi_memclr                            
00016651  __aeabi_memclr4                           
00016651  __aeabi_memclr8                           
00016653  __aeabi_memset                            
00016653  __aeabi_memset4                           
00016653  __aeabi_memset8                           
00016659  memset                                    
000166cd  SystemInit                                
00016745  ADC14_IRQHandler                          
00016745  ADC14_IRQHandler                          
000167b9  Timer_A_generatePWM                       
0001682d  __TI_closefile                            
000168a1  drawLineX                                 
00016913  drawLineY                                 
000169f5  DMA_INT1_IRQHandler                       
000169f5  DMA_INT1_IRQHandler                       
00016a61  HOSTlseek                                 
00016ac9  HOSTrename                                
00016b31  __TI_decompress_lzss                      
00016b99  printf                                    
00016c01  DMA_disableChannelAttribute               
00016c65  frexp                                     
00016c65  frexpl                                    
00016cc9  fseek                                     
00016d2d  __TI_wrt_ok                               
00016d91  HOSTopen                                  
00016df1  close                                     
00016e4d  ADC14_configureSingleSampleMode           
00016ea5  HOSTread                                  
00016efd  HOSTwrite                                 
00016fad  ADC14_initModule                          
00017001  ltoa                                      
000170a7  __TI_doflush                              
000170f5  atoi                                      
00017141  writeString                               
0001718d  ADC14_setSampleHoldTrigger                
000171d5  exit                                      
0001721d  __aeabi_d2iz                              
00017265  HOSTclose                                 
000172a9  HOSTunlink                                
000172ed  __TI_auto_init_nobinit_nopinit            
00017331  getdevice                                 
00017375  setCursorMode                             
000173b9  delay                                     
00017439  DMA_setChannelControl                     
00017475  spi16bytes                                
000174b1  __TI_writemsg                             
000174df  C$$IO$$                                   
000174e9  strncpy                                   
00017521  __TI_cleanup                              
00017555  __TI_readmsg                              
00017589  _c_int00_noargs                           
000175bd  ADC14_setResultFormat                     
000175ed  finddevice                                
0001761d  __aeabi_i2d                               
0001764d  remove                                    
0001764d  unlink                                    
000176a1  lseek                                     
000176c9  selectCS                                  
000176f1  selectDC                                  
00017719  setCursorXY                               
00017741  sqrtf                                     
00017769  write                                     
00017791  spi8bytes                                 
000177b5  memchr                                    
000177f1  lcdSendCommand                            
0001780d  memccpy                                   
00017829  copysign                                  
00017829  copysignl                                 
00017843  strcmp                                    
0001785b  strchr                                    
00017871  DMA_setControlBase                        
00017885  strcpy                                    
00017899  strlen                                    
000178ad  wcslen                                    
000178d1  EUSCIB0_IRQHandler                        
000178d1  EUSCIB0_IRQHandler                        
000178e1  __TI_decompress_none                      
000178f1  ADC14_enableModule                        
000178fd  DMA_enableModule                          
00017909  Reset_Handler                             
00017915  __TI_zero_init                            
00017921  __aeabi_errno_addr                        
00017929  malloc                                    
00017939  _system_pre_init                          
0001793d  C$$EXIT                                   
0001793d  abort                                     
000179c0  __TI_Handler_Table_Base                   
000179cc  __TI_Handler_Table_Limit                  
000179d8  __TI_CINIT_Base                           
000179e8  __TI_CINIT_Limit                          
20000000  data_input                                
20000800  hann                                      
20001000  data_array1                               
20001400  data_array2                               
20001800  data_output                               
20001e00  __CIOBUF_                                 
20001f20  __TI_tmpnams                              
20001fc0  parmbuf                                   
20001fc8  status                                    
20001fd0  _sys_memory                               
200027d0  _ftable                                   
200028c0  _device                                   
20002938  _stream                                   
20002988  pwmConfig                                 
200029a0  fftSize                                   
200029a4  ifftFlag                                  
200029a8  doBitReverse                              
200029ac  switch_data                               
200029b0  color                                     
200029b4  __TI_ft_end                               
200029b8  __aeabi_stdin                             
200029bc  __aeabi_stdout                            
200029c0  __aeabi_stderr                            
200029c4  __TI_cleanup_ptr                          
200029c8  __TI_dtors_ptr                            
200029cc  __TI_enable_exit_profile_output           
200029d0  touchX                                    
200029d4  touchY                                    
200029d8  xready                                    
200029d9  yready                                    
200029dc  _lock                                     
200029e0  _unlock                                   
200029ec  errno                                     
2000fe00  __stack                                   
20010000  __STACK_END                               
4000480c  WDTCTL_SYM                                
ffffffff  __TI_pprof_out_hndl                       
ffffffff  __TI_prof_data_size                       
ffffffff  __TI_prof_data_start                      
ffffffff  __binit__                                 
ffffffff  __c_args__                                
ffffffff  binit                                     
UNDEFED   __mpu_init                                
UNDEFED   _system_post_cinit                        

[265 symbols]
